
2026-08-19 17:14:27: Starting run with name 'QX_CROSSING_SCAN_QY_RAMPED_2qx_qy', Qx 20.1300 -> 20.0700 (step 0.005), Qy=[20.1400,20.2600] ramped. Fire kicks manually.
Applied Qx = 20.1300

2026-08-19 17:16:14: Starting run with name 'QX_CROSSING_SCAN_QY_RAMPED_2qx_qy', Qx 20.1300 -> 20.0700 (step 0.005), Qy=[20.1400,20.2600] ramped. Fire kicks manually.
Applied Qx = 20.1300
Cycle 2026-08-19 17:16:14.535000+00:00: Qx=20.1300 Qy=[20.1400, 20.2600] rep 1 -> ERROR. Settings were not set in time (2026-08-19 17:16:18.169333+00:00). Trying again.
Cycle 2026-08-19 17:16:44.535000+00:00: Qx=20.1300 Qy=[20.1400, 20.2600] rep 1 -> OK  (estimate: H=0.0000, V=0.0000)
Cycle 2026-08-19 17:17:14.535000+00:00: Qx=20.1300 Qy=[20.1400, 20.2600] rep 2 -> OK  (estimate: H=0.0000, V=0.0000)
Cycle 2026-08-19 17:17:44.535000+00:00: Qx=20.1300 Qy=[20.1400, 20.2600] rep 3 -> OK  (estimate: H=0.1309, V=0.2769)
Applied Qx = 20.1250
Cycle 2026-08-19 17:18:14.535000+00:00: Qx=20.1250 Qy=[20.1400, 20.2600] rep 1 -> OK  (estimate: H=0.0000, V=0.0000)

2026-08-19 17:20:13: Starting run with name 'QX_CROSSING_SCAN_QY_RAMPED_2qx_qy', Qx 20.1300 -> 20.0700 (step 0.005), Qy=[20.1400,20.2600] ramped. Fire kicks manually.
Applied Qx = 20.1300
Cycle 2026-08-19 17:20:14.535000+00:00: Qx=20.1300 Qy=[20.1400, 20.2600] rep 1 -> ERROR. Settings were not set in time (2026-08-19 17:20:16.969864+00:00). Trying again.

2026-08-19 19:42:07: Starting run with name 'QX_CROSSING_SCAN_QY_RAMPED_2qx_qy', Qx 20.1300 -> 20.0700 (step 0.005), Qy=[20.1400,20.2600] ramped. Fire kicks manually.
Applied Qx = 20.1300

2026-08-19 19:43:37: Starting run with name 'QX_CROSSING_SCAN_QY_RAMPED_2qx_qy', Qx 20.1300 -> 20.0700 (step 0.005), Qy=[20.1400,20.2600] ramped. Fire kicks manually.
Applied Qx = 20.1300
Cycle 2026-08-19 19:44:14.535000+00:00: Qx=20.1300 Qy=[20.1400, 20.2600] rep 1 -> OK  (estimate: H=0.2646, V=0.3467)
Cycle 2026-08-19 19:44:44.535000+00:00: Qx=20.1300 Qy=[20.1400, 20.2600] rep 2 -> OK  (estimate: H=0.1113, V=0.3555)
Cycle 2026-08-19 19:45:14.535000+00:00: Qx=20.1300 Qy=[20.1400, 20.2600] rep 3 -> OK  (estimate: H=0.0850, V=0.3438)
Applied Qx = 20.1250
Cycle 2026-08-19 19:45:44.535000+00:00: Qx=20.1250 Qy=[20.1400, 20.2600] rep 1 -> OK  (estimate: H=0.0850, V=0.3438)
Cycle 2026-08-19 19:46:14.535000+00:00: Qx=20.1250 Qy=[20.1400, 20.2600] rep 2 -> OK  (estimate: H=0.0977, V=0.3428)
Cycle 2026-08-19 19:46:44.535000+00:00: Qx=20.1250 Qy=[20.1400, 20.2600] rep 3 -> OK  (estimate: H=0.1260, V=0.3438)
Applied Qx = 20.1200
Cycle 2026-08-19 19:47:14.535000+00:00: Qx=20.1200 Qy=[20.1400, 20.2600] rep 1 -> OK  (estimate: H=0.2344, V=0.3418)
Cycle 2026-08-19 19:47:44.535000+00:00: Qx=20.1200 Qy=[20.1400, 20.2600] rep 2 -> OK  (estimate: H=0.2070, V=0.3477)
Cycle 2026-08-19 19:48:14.535000+00:00: Qx=20.1200 Qy=[20.1400, 20.2600] rep 3 -> OK  (estimate: H=0.0977, V=0.3467)
Applied Qx = 20.1150
Cycle 2026-08-19 19:48:44.535000+00:00: Qx=20.1150 Qy=[20.1400, 20.2600] rep 1 -> OK  (estimate: H=0.0986, V=0.3486)
Cycle 2026-08-19 19:49:14.535000+00:00: Qx=20.1150 Qy=[20.1400, 20.2600] rep 2 -> OK  (estimate: H=0.1113, V=0.3428)
Cycle 2026-08-19 19:49:44.535000+00:00: Qx=20.1150 Qy=[20.1400, 20.2600] rep 3 -> OK  (estimate: H=0.1250, V=0.3447)
Applied Qx = 20.1100
Cycle 2026-08-19 19:50:14.535000+00:00: Qx=20.1100 Qy=[20.1400, 20.2600] rep 1 -> OK  (estimate: H=0.0830, V=0.3447)
Cycle 2026-08-19 19:50:44.535000+00:00: Qx=20.1100 Qy=[20.1400, 20.2600] rep 2 -> OK  (estimate: H=0.0957, V=0.3438)
Cycle 2026-08-19 19:51:14.535000+00:00: Qx=20.1100 Qy=[20.1400, 20.2600] rep 3 -> OK  (estimate: H=0.1885, V=0.3486)
Applied Qx = 20.1050
Cycle 2026-08-19 19:51:44.535000+00:00: Qx=20.1050 Qy=[20.1400, 20.2600] rep 1 -> OK  (estimate: H=0.1113, V=0.3506)
Cycle 2026-08-19 19:52:14.535000+00:00: Qx=20.1050 Qy=[20.1400, 20.2600] rep 2 -> OK  (estimate: H=0.1113, V=0.3447)
Cycle 2026-08-19 19:52:44.535000+00:00: Qx=20.1050 Qy=[20.1400, 20.2600] rep 3 -> OK  (estimate: H=0.1113, V=0.3496)
Applied Qx = 20.1000
Cycle 2026-08-19 19:53:14.535000+00:00: Qx=20.1000 Qy=[20.1400, 20.2600] rep 1 -> OK  (estimate: H=0.0986, V=0.3496)
Cycle 2026-08-19 19:53:44.535000+00:00: Qx=20.1000 Qy=[20.1400, 20.2600] rep 2 -> OK  (estimate: H=0.0830, V=0.3467)
Cycle 2026-08-19 19:54:14.535000+00:00: Qx=20.1000 Qy=[20.1400, 20.2600] rep 3 -> OK  (estimate: H=0.1260, V=0.3486)
Applied Qx = 20.0950
Cycle 2026-08-19 19:54:44.535000+00:00: Qx=20.0950 Qy=[20.1400, 20.2600] rep 1 -> OK  (estimate: H=0.1670, V=0.3477)
Cycle 2026-08-19 19:55:14.535000+00:00: Qx=20.0950 Qy=[20.1400, 20.2600] rep 2 -> OK  (estimate: H=0.1699, V=0.3418)
Cycle 2026-08-19 19:55:44.535000+00:00: Qx=20.0950 Qy=[20.1400, 20.2600] rep 3 -> OK  (estimate: H=0.0977, V=0.3457)
Applied Qx = 20.0900
Cycle 2026-08-19 19:56:14.535000+00:00: Qx=20.0900 Qy=[20.1400, 20.2600] rep 1 -> OK  (estimate: H=0.1123, V=0.3486)
Cycle 2026-08-19 19:56:44.535000+00:00: Qx=20.0900 Qy=[20.1400, 20.2600] rep 2 -> OK  (estimate: H=0.1572, V=0.3447)
Cycle 2026-08-19 19:57:14.535000+00:00: Qx=20.0900 Qy=[20.1400, 20.2600] rep 3 -> OK  (estimate: H=0.0928, V=0.3467)
Applied Qx = 20.0850
Cycle 2026-08-19 19:57:44.535000+00:00: Qx=20.0850 Qy=[20.1400, 20.2600] rep 1 -> OK  (estimate: H=0.1533, V=0.3506)
Cycle 2026-08-19 19:58:14.535000+00:00: Qx=20.0850 Qy=[20.1400, 20.2600] rep 2 -> OK  (estimate: H=0.1396, V=0.3516)
Cycle 2026-08-19 19:58:44.535000+00:00: Qx=20.0850 Qy=[20.1400, 20.2600] rep 3 -> OK  (estimate: H=0.1660, V=0.3486)
Applied Qx = 20.0800
Cycle 2026-08-19 19:59:14.535000+00:00: Qx=20.0800 Qy=[20.1400, 20.2600] rep 1 -> OK  (estimate: H=0.1387, V=0.3447)
Cycle 2026-08-19 19:59:44.535000+00:00: Qx=20.0800 Qy=[20.1400, 20.2600] rep 2 -> OK  (estimate: H=0.1445, V=0.3447)
Cycle 2026-08-19 20:00:14.535000+00:00: Qx=20.0800 Qy=[20.1400, 20.2600] rep 3 -> OK  (estimate: H=0.1523, V=0.3418)
Applied Qx = 20.0750
Cycle 2026-08-19 20:00:44.535000+00:00: Qx=20.0750 Qy=[20.1400, 20.2600] rep 1 -> OK  (estimate: H=0.1260, V=0.3535)
Cycle 2026-08-19 20:01:14.535000+00:00: Qx=20.0750 Qy=[20.1400, 20.2600] rep 2 -> OK  (estimate: H=0.1289, V=0.3418)
Cycle 2026-08-19 20:01:44.535000+00:00: Qx=20.0750 Qy=[20.1400, 20.2600] rep 3 -> OK  (estimate: H=0.1250, V=0.1523)
Applied Qx = 20.0700
Cycle 2026-08-19 20:02:14.535000+00:00: Qx=20.0700 Qy=[20.1400, 20.2600] rep 1 -> OK  (estimate: H=0.1211, V=0.3467)
Cycle 2026-08-19 20:02:44.535000+00:00: Qx=20.0700 Qy=[20.1400, 20.2600] rep 2 -> OK  (estimate: H=0.1201, V=0.3477)
Cycle 2026-08-19 20:03:14.535000+00:00: Qx=20.0700 Qy=[20.1400, 20.2600] rep 3 -> OK  (estimate: H=0.1387, V=0.3486)
Cool, we are done!

2026-08-19 20:05:15: Starting run with name 'QX_CROSSING_SCAN_QY_RAMPED_qx_qy', Qx 20.2000 -> 20.1000 (step 0.005), Qy=[20.1000,20.2000] ramped. Fire kicks manually.
Applied Qx = 20.2000
Cycle 2026-08-19 20:05:44.535000+00:00: Qx=20.2000 Qy=[20.1000, 20.2000] rep 1 -> OK  (estimate: H=0.0840, V=0.2588)
Cycle 2026-08-19 20:06:14.535000+00:00: Qx=20.2000 Qy=[20.1000, 20.2000] rep 2 -> OK  (estimate: H=0.0898, V=0.2588)
Cycle 2026-08-19 20:06:44.535000+00:00: Qx=20.2000 Qy=[20.1000, 20.2000] rep 3 -> OK  (estimate: H=0.1123, V=0.2598)
Applied Qx = 20.1950
Cycle 2026-08-19 20:07:14.535000+00:00: Qx=20.1950 Qy=[20.1000, 20.2000] rep 1 -> OK  (estimate: H=0.0840, V=0.2598)
Cycle 2026-08-19 20:07:44.535000+00:00: Qx=20.1950 Qy=[20.1000, 20.2000] rep 2 -> OK  (estimate: H=0.1123, V=0.2617)
Cycle 2026-08-19 20:08:14.535000+00:00: Qx=20.1950 Qy=[20.1000, 20.2000] rep 3 -> OK  (estimate: H=0.0967, V=0.2617)
Applied Qx = 20.1900

2026-08-19 20:10:41: Starting run with name 'QX_CROSSING_SCAN_QY_RAMPED_qx_qy', Qx 20.2000 -> 20.0700 (step 0.005), Qy=[20.0700,20.2000] ramped. Fire kicks manually.
Applied Qx = 20.2000
Cycle 2026-08-19 20:10:44.535000+00:00: Qx=20.2000 Qy=[20.0700, 20.2000] rep 1 -> ERROR. Settings were not set in time (2026-08-19 20:10:44.414596+00:00). Trying again.

2026-08-19 20:11:51: Starting run with name 'QX_CROSSING_SCAN_QY_RAMPED_qx_qy', Qx 20.1800 -> 20.0800 (step 0.005), Qy=[20.0700,20.2100] ramped. Fire kicks manually.
Applied Qx = 20.1800
Cycle 2026-08-19 20:12:44.535000+00:00: Qx=20.1800 Qy=[20.0700, 20.2100] rep 1 -> OK  (estimate: H=0.1123, V=0.2119)
Cycle 2026-08-19 20:13:14.535000+00:00: Qx=20.1800 Qy=[20.0700, 20.2100] rep 2 -> OK  (estimate: H=0.1250, V=0.2129)
Cycle 2026-08-19 20:13:44.535000+00:00: Qx=20.1800 Qy=[20.0700, 20.2100] rep 3 -> OK  (estimate: H=0.0557, V=0.2148)
Applied Qx = 20.1750
Cycle 2026-08-19 20:14:14.535000+00:00: Qx=20.1750 Qy=[20.0700, 20.2100] rep 1 -> OK  (estimate: H=0.0771, V=0.2109)
Cycle 2026-08-19 20:14:44.535000+00:00: Qx=20.1750 Qy=[20.0700, 20.2100] rep 2 -> OK  (estimate: H=0.0840, V=0.2119)
Cycle 2026-08-19 20:15:14.535000+00:00: Qx=20.1750 Qy=[20.0700, 20.2100] rep 3 -> OK  (estimate: H=0.1025, V=0.2100)
Applied Qx = 20.1700
Cycle 2026-08-19 20:15:44.535000+00:00: Qx=20.1700 Qy=[20.0700, 20.2100] rep 1 -> OK  (estimate: H=0.0791, V=0.2051)
Cycle 2026-08-19 20:16:14.535000+00:00: Qx=20.1700 Qy=[20.0700, 20.2100] rep 2 -> OK  (estimate: H=0.1113, V=0.2129)
Cycle 2026-08-19 20:16:44.535000+00:00: Qx=20.1700 Qy=[20.0700, 20.2100] rep 3 -> OK  (estimate: H=0.1123, V=0.2051)
Applied Qx = 20.1650
Cycle 2026-08-19 20:17:14.535000+00:00: Qx=20.1650 Qy=[20.0700, 20.2100] rep 1 -> OK  (estimate: H=0.0840, V=0.2168)
Cycle 2026-08-19 20:17:44.535000+00:00: Qx=20.1650 Qy=[20.0700, 20.2100] rep 2 -> OK  (estimate: H=0.1113, V=0.2129)
Cycle 2026-08-19 20:18:14.535000+00:00: Qx=20.1650 Qy=[20.0700, 20.2100] rep 3 -> OK  (estimate: H=0.0986, V=0.2148)
Applied Qx = 20.1600
Cycle 2026-08-19 20:18:44.535000+00:00: Qx=20.1600 Qy=[20.0700, 20.2100] rep 1 -> OK  (estimate: H=0.1055, V=0.2070)
Cycle 2026-08-19 20:19:14.535000+00:00: Qx=20.1600 Qy=[20.0700, 20.2100] rep 2 -> OK  (estimate: H=0.0850, V=0.2012)
Cycle 2026-08-19 20:19:44.535000+00:00: Qx=20.1600 Qy=[20.0700, 20.2100] rep 3 -> OK  (estimate: H=0.0850, V=0.2178)
Applied Qx = 20.1550
Cycle 2026-08-19 20:20:14.535000+00:00: Qx=20.1550 Qy=[20.0700, 20.2100] rep 1 -> OK  (estimate: H=0.0928, V=0.2100)
Cycle 2026-08-19 20:20:44.535000+00:00: Qx=20.1550 Qy=[20.0700, 20.2100] rep 2 -> OK  (estimate: H=0.1250, V=0.2061)
Cycle 2026-08-19 20:21:14.535000+00:00: Qx=20.1550 Qy=[20.0700, 20.2100] rep 3 -> OK  (estimate: H=0.1016, V=0.2070)
Applied Qx = 20.1500
Cycle 2026-08-19 20:21:44.535000+00:00: Qx=20.1500 Qy=[20.0700, 20.2100] rep 1 -> OK  (estimate: H=0.1250, V=0.2100)
Cycle 2026-08-19 20:22:14.535000+00:00: Qx=20.1500 Qy=[20.0700, 20.2100] rep 2 -> OK  (estimate: H=0.0850, V=0.2158)
Cycle 2026-08-19 20:22:44.535000+00:00: Qx=20.1500 Qy=[20.0700, 20.2100] rep 3 -> OK  (estimate: H=0.1260, V=0.2168)
Applied Qx = 20.1450
Cycle 2026-08-19 20:23:14.535000+00:00: Qx=20.1450 Qy=[20.0700, 20.2100] rep 1 -> OK  (estimate: H=0.1045, V=0.2109)
Cycle 2026-08-19 20:23:44.535000+00:00: Qx=20.1450 Qy=[20.0700, 20.2100] rep 2 -> OK  (estimate: H=0.1055, V=0.2090)
Cycle 2026-08-19 20:24:14.535000+00:00: Qx=20.1450 Qy=[20.0700, 20.2100] rep 3 -> OK  (estimate: H=0.1152, V=0.2188)
Applied Qx = 20.1400
Cycle 2026-08-19 20:24:44.535000+00:00: Qx=20.1400 Qy=[20.0700, 20.2100] rep 1 -> OK  (estimate: H=0.0957, V=0.2080)
Cycle 2026-08-19 20:25:14.535000+00:00: Qx=20.1400 Qy=[20.0700, 20.2100] rep 2 -> OK  (estimate: H=0.1113, V=0.2041)
Cycle 2026-08-19 20:25:44.535000+00:00: Qx=20.1400 Qy=[20.0700, 20.2100] rep 3 -> OK  (estimate: H=0.0986, V=0.2158)
Applied Qx = 20.1350
Cycle 2026-08-19 20:26:14.535000+00:00: Qx=20.1350 Qy=[20.0700, 20.2100] rep 1 -> OK  (estimate: H=0.0967, V=0.2100)
Cycle 2026-08-19 20:26:44.535000+00:00: Qx=20.1350 Qy=[20.0700, 20.2100] rep 2 -> OK  (estimate: H=0.0967, V=0.2129)
Cycle 2026-08-19 20:27:14.535000+00:00: Qx=20.1350 Qy=[20.0700, 20.2100] rep 3 -> OK  (estimate: H=0.1523, V=0.2109)
Applied Qx = 20.1300
Cycle 2026-08-19 20:27:44.535000+00:00: Qx=20.1300 Qy=[20.0700, 20.2100] rep 1 -> OK  (estimate: H=0.0977, V=0.1953)
Cycle 2026-08-19 20:28:14.535000+00:00: Qx=20.1300 Qy=[20.0700, 20.2100] rep 2 -> OK  (estimate: H=0.0996, V=0.2139)
Cycle 2026-08-19 20:28:44.535000+00:00: Qx=20.1300 Qy=[20.0700, 20.2100] rep 3 -> OK  (estimate: H=0.0820, V=0.2080)
Applied Qx = 20.1250
Cycle 2026-08-19 20:29:14.535000+00:00: Qx=20.1250 Qy=[20.0700, 20.2100] rep 1 -> OK  (estimate: H=0.1035, V=0.2090)
Cycle 2026-08-19 20:29:44.535000+00:00: Qx=20.1250 Qy=[20.0700, 20.2100] rep 2 -> OK  (estimate: H=0.0986, V=0.2100)
Cycle 2026-08-19 20:30:14.535000+00:00: Qx=20.1250 Qy=[20.0700, 20.2100] rep 3 -> OK  (estimate: H=0.2080, V=0.2119)
Applied Qx = 20.1200
Cycle 2026-08-19 20:30:44.535000+00:00: Qx=20.1200 Qy=[20.0700, 20.2100] rep 1 -> OK  (estimate: H=0.0977, V=0.2109)
Cycle 2026-08-19 20:31:14.535000+00:00: Qx=20.1200 Qy=[20.0700, 20.2100] rep 2 -> OK  (estimate: H=0.1250, V=0.2100)
Cycle 2026-08-19 20:31:44.535000+00:00: Qx=20.1200 Qy=[20.0700, 20.2100] rep 3 -> OK  (estimate: H=0.0967, V=0.2080)
Applied Qx = 20.1150
Cycle 2026-08-19 20:32:14.535000+00:00: Qx=20.1150 Qy=[20.0700, 20.2100] rep 1 -> OK  (estimate: H=0.1191, V=0.2090)
Cycle 2026-08-19 20:32:44.535000+00:00: Qx=20.1150 Qy=[20.0700, 20.2100] rep 2 -> OK  (estimate: H=0.0830, V=0.2070)
Cycle 2026-08-19 20:33:14.535000+00:00: Qx=20.1150 Qy=[20.0700, 20.2100] rep 3 -> OK  (estimate: H=0.1035, V=0.2070)
Applied Qx = 20.1100
Cycle 2026-08-19 20:33:44.535000+00:00: Qx=20.1100 Qy=[20.0700, 20.2100] rep 1 -> OK  (estimate: H=0.1250, V=0.2080)
Cycle 2026-08-19 20:34:14.535000+00:00: Qx=20.1100 Qy=[20.0700, 20.2100] rep 2 -> OK  (estimate: H=0.1250, V=0.2119)
Cycle 2026-08-19 20:34:44.535000+00:00: Qx=20.1100 Qy=[20.0700, 20.2100] rep 3 -> OK  (estimate: H=0.0977, V=0.2158)
Applied Qx = 20.1050
Cycle 2026-08-19 20:35:14.535000+00:00: Qx=20.1050 Qy=[20.0700, 20.2100] rep 1 -> OK  (estimate: H=0.1309, V=0.2080)
Cycle 2026-08-19 20:35:44.535000+00:00: Qx=20.1050 Qy=[20.0700, 20.2100] rep 2 -> OK  (estimate: H=0.1191, V=0.2041)
Cycle 2026-08-19 20:36:14.535000+00:00: Qx=20.1050 Qy=[20.0700, 20.2100] rep 3 -> OK  (estimate: H=0.0977, V=0.2061)
Applied Qx = 20.1000
Cycle 2026-08-19 20:36:44.535000+00:00: Qx=20.1000 Qy=[20.0700, 20.2100] rep 1 -> OK  (estimate: H=0.1387, V=0.2051)
Cycle 2026-08-19 20:37:14.535000+00:00: Qx=20.1000 Qy=[20.0700, 20.2100] rep 2 -> OK  (estimate: H=0.0977, V=0.2168)
Cycle 2026-08-19 20:37:44.535000+00:00: Qx=20.1000 Qy=[20.0700, 20.2100] rep 3 -> OK  (estimate: H=0.1943, V=0.2168)
Applied Qx = 20.0950
Cycle 2026-08-19 20:38:14.535000+00:00: Qx=20.0950 Qy=[20.0700, 20.2100] rep 1 -> OK  (estimate: H=0.0840, V=0.2129)
Cycle 2026-08-19 20:38:44.535000+00:00: Qx=20.0950 Qy=[20.0700, 20.2100] rep 2 -> OK  (estimate: H=0.1533, V=0.2139)
Cycle 2026-08-19 20:39:14.535000+00:00: Qx=20.0950 Qy=[20.0700, 20.2100] rep 3 -> OK  (estimate: H=0.1123, V=0.2148)
Applied Qx = 20.0900
Cycle 2026-08-19 20:39:44.535000+00:00: Qx=20.0900 Qy=[20.0700, 20.2100] rep 1 -> OK  (estimate: H=0.1396, V=0.2207)
Cycle 2026-08-19 20:40:14.535000+00:00: Qx=20.0900 Qy=[20.0700, 20.2100] rep 2 -> OK  (estimate: H=0.1787, V=0.2139)
Cycle 2026-08-19 20:40:44.535000+00:00: Qx=20.0900 Qy=[20.0700, 20.2100] rep 3 -> OK  (estimate: H=0.1533, V=0.2119)
Applied Qx = 20.0850
Cycle 2026-08-19 20:41:14.535000+00:00: Qx=20.0850 Qy=[20.0700, 20.2100] rep 1 -> OK  (estimate: H=0.1523, V=0.2100)
Cycle 2026-08-19 20:41:44.535000+00:00: Qx=20.0850 Qy=[20.0700, 20.2100] rep 2 -> OK  (estimate: H=0.1113, V=0.2080)
Cycle 2026-08-19 20:42:14.535000+00:00: Qx=20.0850 Qy=[20.0700, 20.2100] rep 3 -> OK  (estimate: H=0.1465, V=0.2100)
Applied Qx = 20.0800
Cycle 2026-08-19 20:42:44.535000+00:00: Qx=20.0800 Qy=[20.0700, 20.2100] rep 1 -> OK  (estimate: H=0.1250, V=0.2207)
Cycle 2026-08-19 20:43:14.535000+00:00: Qx=20.0800 Qy=[20.0700, 20.2100] rep 2 -> OK  (estimate: H=0.1543, V=0.2080)
Cycle 2026-08-19 20:43:44.535000+00:00: Qx=20.0800 Qy=[20.0700, 20.2100] rep 3 -> OK  (estimate: H=0.1689, V=0.2090)
Cool, we are done!
