
2026-08-19 13:38:51: Starting run with name 'QY_CROSSING_SCAN', Qx=20.1300 fixed, Qy 20.0500 -> 20.2500 (step 0.005). Fire kicks manually.
Applied Qy = 20.0500
Cycle 2026-08-19 13:39:14.535000+00:00: Qx=20.1300 Qy=20.0500 rep 2 -> OK  (estimate: H=0.0000, V=0.0000)

2026-08-19 13:46:50: Starting run with name 'QY_CROSSING_SCAN', Qx=20.1300 fixed, Qy 20.2000 -> 20.0900 (step 0.005). Fire kicks manually.
Applied Qy = 20.2000
Cycle 2026-08-19 13:47:44.535000+00:00: Qx=20.1300 Qy=20.2000 rep 2 -> OK  (estimate: H=0.0000, V=0.0000)

2026-08-19 13:49:57: Starting run with name 'QY_CROSSING_SCAN', Qx=20.1300 fixed, Qy 20.2000 -> 20.0900 (step 0.005). Fire kicks manually.
Applied Qy = 20.2000
Cycle 2026-08-19 13:50:14.535000+00:00: Qx=20.1300 Qy=20.2000 rep 2 -> OK  (estimate: H=0.1304, V=0.2109)
Cycle 2026-08-19 13:50:44.535000+00:00: Qx=20.1300 Qy=20.2000 rep 3 -> OK  (estimate: H=0.1313, V=0.2271)

2026-08-19 13:52:00: Starting run with name 'QY_CROSSING_SCAN', Qx=20.1300 fixed, Qy 20.2000 -> 20.0900 (step 0.005). Fire kicks manually.
Applied Qy = 20.2000
Cycle 2026-08-19 13:52:14.535000+00:00: Qx=20.1300 Qy=20.2000 rep 1 -> OK  (estimate: H=0.1309, V=0.2100)
Cycle 2026-08-19 13:52:44.535000+00:00: Qx=20.1300 Qy=20.2000 rep 3 -> OK  (estimate: H=0.1309, V=0.2109)
Cycle 2026-08-19 13:53:14.535000+00:00: Qx=20.1300 Qy=20.2000 rep 4 -> OK  (estimate: H=0.1313, V=0.2256)

2026-08-19 13:54:01: Starting run with name 'QY_CROSSING_SCAN', Qx=20.1300 fixed, Qy 20.2000 -> 20.0900 (step 0.005). Fire kicks manually.
Applied Qy = 20.1950
Cycle 2026-08-19 13:54:14.535000+00:00: Qx=20.1300 Qy=20.1950 rep 1 -> OK  (estimate: H=0.1309, V=0.2085)
Cycle 2026-08-19 13:54:44.535000+00:00: Qx=20.1300 Qy=20.1950 rep 2 -> OK  (estimate: H=0.1318, V=0.2085)
Cycle 2026-08-19 13:55:14.535000+00:00: Qx=20.1300 Qy=20.1950 rep 3 -> OK  (estimate: H=0.1309, V=0.2085)
Applied Qy = 20.1900
Cycle 2026-08-19 13:55:44.535000+00:00: Qx=20.1300 Qy=20.1900 rep 1 -> OK  (estimate: H=0.1309, V=0.2002)
Cycle 2026-08-19 13:56:14.535000+00:00: Qx=20.1300 Qy=20.1900 rep 2 -> OK  (estimate: H=0.1309, V=0.2002)
Cycle 2026-08-19 13:56:44.535000+00:00: Qx=20.1300 Qy=20.1900 rep 3 -> OK  (estimate: H=0.1309, V=0.2002)
Applied Qy = 20.1850
Cycle 2026-08-19 13:57:14.535000+00:00: Qx=20.1300 Qy=20.1850 rep 1 -> OK  (estimate: H=0.1313, V=0.2114)
Cycle 2026-08-19 13:57:44.535000+00:00: Qx=20.1300 Qy=20.1850 rep 2 -> OK  (estimate: H=0.1309, V=0.1987)
Cycle 2026-08-19 13:58:14.535000+00:00: Qx=20.1300 Qy=20.1850 rep 3 -> OK  (estimate: H=0.1309, V=0.1987)
Applied Qy = 20.1800
Cycle 2026-08-19 13:58:44.535000+00:00: Qx=20.1300 Qy=20.1800 rep 1 -> OK  (estimate: H=0.1309, V=0.1904)
Cycle 2026-08-19 13:59:14.535000+00:00: Qx=20.1300 Qy=20.1800 rep 2 -> OK  (estimate: H=0.1309, V=0.1895)
Cycle 2026-08-19 13:59:44.535000+00:00: Qx=20.1300 Qy=20.1800 rep 3 -> OK  (estimate: H=0.1309, V=0.1904)
Applied Qy = 20.1750
Cycle 2026-08-19 14:00:14.535000+00:00: Qx=20.1300 Qy=20.1750 rep 1 -> OK  (estimate: H=0.1309, V=0.1880)
Cycle 2026-08-19 14:00:44.535000+00:00: Qx=20.1300 Qy=20.1750 rep 2 -> OK  (estimate: H=0.1309, V=0.1885)
Cycle 2026-08-19 14:01:14.535000+00:00: Qx=20.1300 Qy=20.1750 rep 3 -> OK  (estimate: H=0.1309, V=0.1870)
Applied Qy = 20.1700
Cycle 2026-08-19 14:01:44.535000+00:00: Qx=20.1300 Qy=20.1700 rep 1 -> OK  (estimate: H=0.1309, V=0.1860)
Cycle 2026-08-19 14:02:14.535000+00:00: Qx=20.1300 Qy=20.1700 rep 2 -> OK  (estimate: H=0.1299, V=0.1807)
Cycle 2026-08-19 14:02:44.535000+00:00: Qx=20.1300 Qy=20.1700 rep 3 -> OK  (estimate: H=0.1309, V=0.1807)
Applied Qy = 20.1650
Cycle 2026-08-19 14:03:14.535000+00:00: Qx=20.1300 Qy=20.1650 rep 1 -> OK  (estimate: H=0.1299, V=0.1787)
Cycle 2026-08-19 14:03:44.535000+00:00: Qx=20.1300 Qy=20.1650 rep 2 -> OK  (estimate: H=0.1309, V=0.1772)
Cycle 2026-08-19 14:04:14.535000+00:00: Qx=20.1300 Qy=20.1650 rep 3 -> OK  (estimate: H=0.1309, V=0.1787)
Applied Qy = 20.1600
Cycle 2026-08-19 14:04:44.535000+00:00: Qx=20.1300 Qy=20.1600 rep 1 -> OK  (estimate: H=0.1313, V=0.1855)
Cycle 2026-08-19 14:05:14.535000+00:00: Qx=20.1300 Qy=20.1600 rep 2 -> OK  (estimate: H=0.1309, V=0.1709)
Cycle 2026-08-19 14:05:44.535000+00:00: Qx=20.1300 Qy=20.1600 rep 3 -> OK  (estimate: H=0.1309, V=0.1709)
Applied Qy = 20.1550
Cycle 2026-08-19 14:06:14.535000+00:00: Qx=20.1300 Qy=20.1550 rep 1 -> OK  (estimate: H=0.1309, V=0.1685)
Cycle 2026-08-19 14:06:44.535000+00:00: Qx=20.1300 Qy=20.1550 rep 2 -> OK  (estimate: H=0.1309, V=0.1685)
Cycle 2026-08-19 14:07:14.535000+00:00: Qx=20.1300 Qy=20.1550 rep 3 -> OK  (estimate: H=0.1309, V=0.1685)
Applied Qy = 20.1500
Cycle 2026-08-19 14:07:44.535000+00:00: Qx=20.1300 Qy=20.1500 rep 1 -> OK  (estimate: H=0.1309, V=0.1602)
Cycle 2026-08-19 14:08:14.535000+00:00: Qx=20.1300 Qy=20.1500 rep 2 -> OK  (estimate: H=0.1304, V=0.1772)
Cycle 2026-08-19 14:08:44.535000+00:00: Qx=20.1300 Qy=20.1500 rep 3 -> OK  (estimate: H=0.1309, V=0.1611)
Applied Qy = 20.1450
Cycle 2026-08-19 14:09:14.535000+00:00: Qx=20.1300 Qy=20.1450 rep 1 -> OK  (estimate: H=0.1313, V=0.1724)
Cycle 2026-08-19 14:09:44.535000+00:00: Qx=20.1300 Qy=20.1450 rep 2 -> OK  (estimate: H=0.1299, V=0.1592)
Cycle 2026-08-19 14:10:14.535000+00:00: Qx=20.1300 Qy=20.1450 rep 3 -> OK  (estimate: H=0.1309, V=0.1592)
Applied Qy = 20.1400
Cycle 2026-08-19 14:10:44.535000+00:00: Qx=20.1300 Qy=20.1400 rep 1 -> OK  (estimate: H=0.1309, V=0.1514)
Cycle 2026-08-19 14:11:14.535000+00:00: Qx=20.1300 Qy=20.1400 rep 2 -> OK  (estimate: H=0.1294, V=0.1514)
Cycle 2026-08-19 14:11:44.535000+00:00: Qx=20.1300 Qy=20.1400 rep 3 -> OK  (estimate: H=0.1299, V=0.1504)
Applied Qy = 20.1350
Cycle 2026-08-19 14:12:14.535000+00:00: Qx=20.1300 Qy=20.1350 rep 1 -> OK  (estimate: H=0.1309, V=0.1489)
Cycle 2026-08-19 14:12:44.535000+00:00: Qx=20.1300 Qy=20.1350 rep 2 -> OK  (estimate: H=0.1309, V=0.1489)
Cycle 2026-08-19 14:13:14.535000+00:00: Qx=20.1300 Qy=20.1350 rep 3 -> OK  (estimate: H=0.1309, V=0.1479)
Applied Qy = 20.1300
Cycle 2026-08-19 14:13:44.535000+00:00: Qx=20.1300 Qy=20.1300 rep 1 -> OK  (estimate: H=0.1304, V=0.1577)
Cycle 2026-08-19 14:14:14.535000+00:00: Qx=20.1300 Qy=20.1300 rep 2 -> OK  (estimate: H=0.1309, V=0.1406)
Cycle 2026-08-19 14:14:44.535000+00:00: Qx=20.1300 Qy=20.1300 rep 3 -> OK  (estimate: H=0.1309, V=0.1416)
Applied Qy = 20.1250
Cycle 2026-08-19 14:15:14.535000+00:00: Qx=20.1300 Qy=20.1250 rep 1 -> OK  (estimate: H=0.1299, V=0.1396)
Cycle 2026-08-19 14:15:44.535000+00:00: Qx=20.1300 Qy=20.1250 rep 2 -> OK  (estimate: H=0.1309, V=0.1382)
Cycle 2026-08-19 14:16:14.535000+00:00: Qx=20.1300 Qy=20.1250 rep 3 -> OK  (estimate: H=0.1313, V=0.1533)
Applied Qy = 20.1200
Cycle 2026-08-19 14:16:44.535000+00:00: Qx=20.1300 Qy=20.1200 rep 1 -> OK  (estimate: H=0.1318, V=0.1318)
Cycle 2026-08-19 14:17:14.535000+00:00: Qx=20.1300 Qy=20.1200 rep 2 -> OK  (estimate: H=0.1284, V=0.1372)
Cycle 2026-08-19 14:17:44.535000+00:00: Qx=20.1300 Qy=20.1200 rep 3 -> OK  (estimate: H=0.1284, V=0.1372)
Applied Qy = 20.1150
Cycle 2026-08-19 14:18:14.535000+00:00: Qx=20.1300 Qy=20.1150 rep 1 -> OK  (estimate: H=0.1309, V=0.1284)
Cycle 2026-08-19 14:18:44.535000+00:00: Qx=20.1300 Qy=20.1150 rep 2 -> OK  (estimate: H=0.1309, V=0.1274)

2026-08-19 14:21:45: Starting run with name 'QY_CROSSING_SCAN', Qx=20.1300 fixed, Qy 20.1250 -> 20.1000 (step 0.001). Fire kicks manually.
Applied Qy = 20.1250
Cycle 2026-08-19 14:22:14.535000+00:00: Qx=20.1300 Qy=20.1250 rep 3
2026-08-19 14:23:46: Starting run with name 'QY_CROSSING_SCAN', Qx=20.1300 fixed, Qy 20.1250 -> 20.1000 (step 0.001). Fire kicks manually.
Applied Qy = 20.1250
Cycle 2026-08-19 14:24:14.535000+00:00: Qx=20.1300 Qy=20.1250 rep 3
2026-08-19 14:26:51: Starting run with name 'QY_CROSSING_SCAN', Qx=20.1300 fixed, Qy 20.1250 -> 20.1000 (step 0.001). Fire kicks manually.
Applied Qy = 20.1250

2026-08-19 14:27:52: Starting run with name 'QY_CROSSING_SCAN', Qx=20.1300 fixed, Qy 20.1250 -> 20.1000 (step 0.001). Fire kicks manually.
Applied Qy = 20.1250

2026-08-19 14:28:15: Starting run with name 'QY_CROSSING_SCAN', Qx=20.1300 fixed, Qy 20.1250 -> 20.1000 (step 0.001). Fire kicks manually.
Applied Qy = 20.1250
Cycle 2026-08-19 14:28:14.535000+00:00: Qx=20.1300 Qy=20.1250 rep 3 -> ERROR. Settings were not set in time (2026-08-19 14:28:17.760477+00:00). Trying again.
Cycle 2026-08-19 14:28:44.535000+00:00: Qx=20.1300 Qy=20.1250 rep 3 -> OK  (estimate: H=0.1294, V=0.1382)
Applied Qy = 20.1240
Cycle 2026-08-19 14:29:14.535000+00:00: Qx=20.1300 Qy=20.1240 rep 1 -> OK  (estimate: H=0.1309, V=0.1382)
Cycle 2026-08-19 14:29:44.535000+00:00: Qx=20.1300 Qy=20.1240 rep 2 -> OK  (estimate: H=0.1299, V=0.1382)
Cycle 2026-08-19 14:30:14.535000+00:00: Qx=20.1300 Qy=20.1240 rep 3 -> OK  (estimate: H=0.1284, V=0.1382)
Applied Qy = 20.1230
Cycle 2026-08-19 14:30:44.535000+00:00: Qx=20.1300 Qy=20.1230 rep 1 -> OK  (estimate: H=0.1294, V=0.1372)
Cycle 2026-08-19 14:31:14.535000+00:00: Qx=20.1300 Qy=20.1230 rep 2 -> OK  (estimate: H=0.1294, V=0.1372)

2026-08-19 14:31:37: Starting run with name 'QY_CROSSING_SCAN', Qx=20.1300 fixed, Qy 20.1250 -> 20.1000 (step 0.001). Fire kicks manually.
Applied Qy = 20.1230
Cycle 2026-08-19 14:31:44.535000+00:00: Qx=20.1300 Qy=20.1230 rep 3 -> OK  (estimate: H=0.1294, V=0.1372)
Applied Qy = 20.1220
Cycle 2026-08-19 14:32:14.535000+00:00: Qx=20.1300 Qy=20.1220 rep 1 -> OK  (estimate: H=0.1304, V=0.1499)
Cycle 2026-08-19 14:32:44.535000+00:00: Qx=20.1300 Qy=20.1220 rep 2 -> OK  (estimate: H=0.1284, V=0.1372)
Cycle 2026-08-19 14:33:14.535000+00:00: Qx=20.1300 Qy=20.1220 rep 3 -> OK  (estimate: H=0.1299, V=0.1372)
Applied Qy = 20.1210
Cycle 2026-08-19 14:33:44.535000+00:00: Qx=20.1300 Qy=20.1210 rep 1 -> OK  (estimate: H=0.1294, V=0.1372)
Cycle 2026-08-19 14:34:14.535000+00:00: Qx=20.1300 Qy=20.1210 rep 2 -> OK  (estimate: H=0.1304, V=0.1489)

2026-08-19 14:34:31: Starting run with name 'QY_CROSSING_SCAN', Qx=20.1300 fixed, Qy 20.1250 -> 20.1000 (step 0.001). Fire kicks manually.
Applied Qy = 20.1220
Cycle 2026-08-19 14:35:14.535000+00:00: Qx=20.1300 Qy=20.1220 rep 1 -> OK  (estimate: H=0.1299, V=0.1372)
Cycle 2026-08-19 14:35:44.535000+00:00: Qx=20.1300 Qy=20.1220 rep 2 -> OK  (estimate: H=0.1299, V=0.1372)
Applied Qy = 20.1210
Cycle 2026-08-19 14:36:14.535000+00:00: Qx=20.1300 Qy=20.1210 rep 3 -> OK  (estimate: H=0.1284, V=0.1372)
Applied Qy = 20.1190
Cycle 2026-08-19 14:36:44.535000+00:00: Qx=20.1300 Qy=20.1190 rep 1 -> OK  (estimate: H=0.1294, V=0.1382)
Cycle 2026-08-19 14:37:14.535000+00:00: Qx=20.1300 Qy=20.1190 rep 2 -> OK  (estimate: H=0.1299, V=0.1372)
Cycle 2026-08-19 14:37:44.535000+00:00: Qx=20.1300 Qy=20.1190 rep 3 -> OK  (estimate: H=0.1284, V=0.1372)
Applied Qy = 20.1180
Cycle 2026-08-19 14:38:14.535000+00:00: Qx=20.1300 Qy=20.1180 rep 1 -> OK  (estimate: H=0.1309, V=0.1309)
Cycle 2026-08-19 14:38:44.535000+00:00: Qx=20.1300 Qy=20.1180 rep 2 -> OK  (estimate: H=0.1309, V=0.1309)
Cycle 2026-08-19 14:39:14.535000+00:00: Qx=20.1300 Qy=20.1180 rep 3 -> OK  (estimate: H=0.1309, V=0.1309)
Applied Qy = 20.1170
Cycle 2026-08-19 14:39:44.535000+00:00: Qx=20.1300 Qy=20.1170 rep 1 -> OK  (estimate: H=0.1294, V=0.1372)
Cycle 2026-08-19 14:40:14.535000+00:00: Qx=20.1300 Qy=20.1170 rep 2 -> OK  (estimate: H=0.1318, V=0.1309)
Cycle 2026-08-19 14:40:44.535000+00:00: Qx=20.1300 Qy=20.1170 rep 3 -> OK  (estimate: H=0.1309, V=0.1299)
Applied Qy = 20.1160
Cycle 2026-08-19 14:41:14.535000+00:00: Qx=20.1300 Qy=20.1160 rep 1 -> OK  (estimate: H=0.1309, V=0.1299)
Cycle 2026-08-19 14:41:44.535000+00:00: Qx=20.1300 Qy=20.1160 rep 2 -> OK  (estimate: H=0.1318, V=0.1318)
Cycle 2026-08-19 14:42:14.535000+00:00: Qx=20.1300 Qy=20.1160 rep 3 -> OK  (estimate: H=0.1318, V=0.1284)
Applied Qy = 20.1150
Cycle 2026-08-19 14:42:44.535000+00:00: Qx=20.1300 Qy=20.1150 rep 2 -> OK  (estimate: H=0.1318, V=0.1284)
Cycle 2026-08-19 14:43:14.535000+00:00: Qx=20.1300 Qy=20.1150 rep 3 -> OK  (estimate: H=0.1309, V=0.1274)
Applied Qy = 20.1140
Cycle 2026-08-19 14:43:44.535000+00:00: Qx=20.1300 Qy=20.1140 rep 1 -> OK  (estimate: H=0.1309, V=0.1284)
Cycle 2026-08-19 14:44:14.535000+00:00: Qx=20.1300 Qy=20.1140 rep 2 -> OK  (estimate: H=0.1309, V=0.1221)
Cycle 2026-08-19 14:44:44.535000+00:00: Qx=20.1300 Qy=20.1140 rep 3 -> OK  (estimate: H=0.1318, V=0.1284)
Applied Qy = 20.1130
Cycle 2026-08-19 14:45:14.535000+00:00: Qx=20.1300 Qy=20.1130 rep 1 -> OK  (estimate: H=0.1309, V=0.1274)
Cycle 2026-08-19 14:45:44.535000+00:00: Qx=20.1300 Qy=20.1130 rep 2 -> OK  (estimate: H=0.1309, V=0.1274)
Cycle 2026-08-19 14:46:14.535000+00:00: Qx=20.1300 Qy=20.1130 rep 3 -> OK  (estimate: H=0.1309, V=0.1211)
Applied Qy = 20.1120
Cycle 2026-08-19 14:46:44.535000+00:00: Qx=20.1300 Qy=20.1120 rep 1 -> OK  (estimate: H=0.1299, V=0.1211)
Cycle 2026-08-19 14:47:14.535000+00:00: Qx=20.1300 Qy=20.1120 rep 2 -> OK  (estimate: H=0.1309, V=0.1211)
Cycle 2026-08-19 14:47:44.535000+00:00: Qx=20.1300 Qy=20.1120 rep 3 -> OK  (estimate: H=0.1318, V=0.1221)
Applied Qy = 20.1110
Cycle 2026-08-19 14:48:14.535000+00:00: Qx=20.1300 Qy=20.1110 rep 1 -> OK  (estimate: H=0.1309, V=0.1211)
Cycle 2026-08-19 14:48:44.535000+00:00: Qx=20.1300 Qy=20.1110 rep 2 -> OK  (estimate: H=0.1309, V=0.1211)
Cycle 2026-08-19 14:49:14.535000+00:00: Qx=20.1300 Qy=20.1110 rep 3 -> OK  (estimate: H=0.1304, V=0.1221)
Applied Qy = 20.1100
Cycle 2026-08-19 14:49:44.535000+00:00: Qx=20.1300 Qy=20.1100 rep 1 -> OK  (estimate: H=0.1294, V=0.1211)
Cycle 2026-08-19 14:50:14.535000+00:00: Qx=20.1300 Qy=20.1100 rep 2 -> OK  (estimate: H=0.1294, V=0.1211)
Cycle 2026-08-19 14:50:44.535000+00:00: Qx=20.1300 Qy=20.1100 rep 3 -> OK  (estimate: H=0.1294, V=0.1187)
Applied Qy = 20.1090
Cycle 2026-08-19 14:51:14.535000+00:00: Qx=20.1300 Qy=20.1090 rep 1 -> OK  (estimate: H=0.1294, V=0.1187)
Cycle 2026-08-19 14:51:44.535000+00:00: Qx=20.1300 Qy=20.1090 rep 2 -> OK  (estimate: H=0.1294, V=0.1187)

2026-08-19 14:52:13: Starting run with name 'QY_CROSSING_SCAN', Qx=20.1300 fixed, Qy 20.1400 -> 20.1050 (step 0.001). Fire kicks manually.
Applied Qy = 20.1390
Cycle 2026-08-19 14:52:14.535000+00:00: Qx=20.1300 Qy=20.1390 rep 1 -> ERROR. Settings were not set in time (2026-08-19 14:52:16.143900+00:00). Trying again.
Cycle 2026-08-19 14:52:44.535000+00:00: Qx=20.1300 Qy=20.1390 rep 1 -> OK  (estimate: H=0.1309, V=0.1504)
Cycle 2026-08-19 14:53:14.535000+00:00: Qx=20.1300 Qy=20.1390 rep 2 -> OK  (estimate: H=0.1294, V=0.1504)
Cycle 2026-08-19 14:53:44.535000+00:00: Qx=20.1300 Qy=20.1390 rep 3 -> OK  (estimate: H=0.1309, V=0.1514)
Applied Qy = 20.1380
Cycle 2026-08-19 14:54:14.535000+00:00: Qx=20.1300 Qy=20.1380 rep 1 -> OK  (estimate: H=0.1299, V=0.1582)
Cycle 2026-08-19 14:54:44.535000+00:00: Qx=20.1300 Qy=20.1380 rep 2 -> OK  (estimate: H=0.1309, V=0.1504)
Cycle 2026-08-19 14:55:14.535000+00:00: Qx=20.1300 Qy=20.1380 rep 3 -> OK  (estimate: H=0.1294, V=0.1504)
Applied Qy = 20.1370
Cycle 2026-08-19 14:55:44.535000+00:00: Qx=20.1300 Qy=20.1370 rep 1 -> OK  (estimate: H=0.1299, V=0.1504)
Cycle 2026-08-19 14:56:14.535000+00:00: Qx=20.1300 Qy=20.1370 rep 2 -> OK  (estimate: H=0.1299, V=0.1504)
Cycle 2026-08-19 14:56:44.535000+00:00: Qx=20.1300 Qy=20.1370 rep 3 -> OK  (estimate: H=0.1309, V=0.1504)
Applied Qy = 20.1360
Cycle 2026-08-19 14:57:14.535000+00:00: Qx=20.1300 Qy=20.1360 rep 1 -> OK  (estimate: H=0.1299, V=0.1494)
Cycle 2026-08-19 14:57:44.535000+00:00: Qx=20.1300 Qy=20.1360 rep 2 -> OK  (estimate: H=0.1294, V=0.1504)
Cycle 2026-08-19 14:58:14.535000+00:00: Qx=20.1300 Qy=20.1360 rep 3 -> OK  (estimate: H=0.1309, V=0.1504)
Applied Qy = 20.1340
Cycle 2026-08-19 14:58:44.535000+00:00: Qx=20.1300 Qy=20.1340 rep 1 -> OK  (estimate: H=0.1294, V=0.1479)
Cycle 2026-08-19 14:59:14.535000+00:00: Qx=20.1300 Qy=20.1340 rep 2 -> OK  (estimate: H=0.1294, V=0.1494)
Cycle 2026-08-19 14:59:44.535000+00:00: Qx=20.1300 Qy=20.1340 rep 3 -> OK  (estimate: H=0.1309, V=0.1479)
Applied Qy = 20.1330
Cycle 2026-08-19 15:00:14.535000+00:00: Qx=20.1300 Qy=20.1330 rep 1 -> OK  (estimate: H=0.1299, V=0.1494)
Cycle 2026-08-19 15:00:44.535000+00:00: Qx=20.1300 Qy=20.1330 rep 2 -> OK  (estimate: H=0.1299, V=0.1494)
Cycle 2026-08-19 15:01:14.535000+00:00: Qx=20.1300 Qy=20.1330 rep 3 -> OK  (estimate: H=0.1299, V=0.1479)
Applied Qy = 20.1320
Cycle 2026-08-19 15:01:44.535000+00:00: Qx=20.1300 Qy=20.1320 rep 1 -> OK  (estimate: H=0.1309, V=0.1416)
Cycle 2026-08-19 15:02:14.535000+00:00: Qx=20.1300 Qy=20.1320 rep 2 -> OK  (estimate: H=0.1294, V=0.1494)
Cycle 2026-08-19 15:02:44.535000+00:00: Qx=20.1300 Qy=20.1320 rep 3 -> OK  (estimate: H=0.1299, V=0.1470)
Applied Qy = 20.1310
Cycle 2026-08-19 15:03:14.535000+00:00: Qx=20.1300 Qy=20.1310 rep 1 -> OK  (estimate: H=0.1299, V=0.1406)
Cycle 2026-08-19 15:03:44.535000+00:00: Qx=20.1300 Qy=20.1310 rep 2 -> OK  (estimate: H=0.1309, V=0.1479)
Cycle 2026-08-19 15:04:14.535000+00:00: Qx=20.1300 Qy=20.1310 rep 3 -> OK  (estimate: H=0.1309, V=0.1416)
Applied Qy = 20.1300
Cycle 2026-08-19 15:04:44.535000+00:00: Qx=20.1300 Qy=20.1300 rep 1 -> OK  (estimate: H=0.1299, V=0.1484)
Applied Qy = 20.1290
Cycle 2026-08-19 15:05:14.535000+00:00: Qx=20.1300 Qy=20.1290 rep 1 -> OK  (estimate: H=0.1299, V=0.1406)
Cycle 2026-08-19 15:05:44.535000+00:00: Qx=20.1300 Qy=20.1290 rep 2 -> OK  (estimate: H=0.1294, V=0.1479)
Cycle 2026-08-19 15:06:14.535000+00:00: Qx=20.1300 Qy=20.1290 rep 3 -> OK  (estimate: H=0.1294, V=0.1479)
Applied Qy = 20.1280
Cycle 2026-08-19 15:06:44.535000+00:00: Qx=20.1300 Qy=20.1280 rep 1 -> OK  (estimate: H=0.1309, V=0.1406)
Cycle 2026-08-19 15:07:14.535000+00:00: Qx=20.1300 Qy=20.1280 rep 2 -> OK  (estimate: H=0.1309, V=0.1406)
Cycle 2026-08-19 15:07:44.535000+00:00: Qx=20.1300 Qy=20.1280 rep 3 -> OK  (estimate: H=0.1294, V=0.1406)
Applied Qy = 20.1270
Cycle 2026-08-19 15:08:14.535000+00:00: Qx=20.1300 Qy=20.1270 rep 1 -> OK  (estimate: H=0.1299, V=0.1406)
Cycle 2026-08-19 15:08:44.535000+00:00: Qx=20.1300 Qy=20.1270 rep 2 -> OK  (estimate: H=0.1299, V=0.1470)
Cycle 2026-08-19 15:09:14.535000+00:00: Qx=20.1300 Qy=20.1270 rep 3 -> OK  (estimate: H=0.1294, V=0.1406)
Applied Qy = 20.1260
Cycle 2026-08-19 15:09:44.535000+00:00: Qx=20.1300 Qy=20.1260 rep 1 -> OK  (estimate: H=0.1299, V=0.1406)
Cycle 2026-08-19 15:10:14.535000+00:00: Qx=20.1300 Qy=20.1260 rep 2 -> OK  (estimate: H=0.1309, V=0.1382)
Cycle 2026-08-19 15:10:44.535000+00:00: Qx=20.1300 Qy=20.1260 rep 3 -> OK  (estimate: H=0.1309, V=0.1396)
Applied Qy = 20.1150
Cycle 2026-08-19 15:11:14.535000+00:00: Qx=20.1300 Qy=20.1150 rep 1 -> OK  (estimate: H=0.1318, V=0.1309)
Applied Qy = 20.1090
Cycle 2026-08-19 15:11:44.535000+00:00: Qx=20.1300 Qy=20.1090 rep 3 -> OK  (estimate: H=0.1284, V=0.1177)
Applied Qy = 20.1080
Cycle 2026-08-19 15:12:14.535000+00:00: Qx=20.1300 Qy=20.1080 rep 1 -> OK  (estimate: H=0.1294, V=0.1187)
Cycle 2026-08-19 15:12:44.535000+00:00: Qx=20.1300 Qy=20.1080 rep 2 -> OK  (estimate: H=0.1294, V=0.1201)
Cycle 2026-08-19 15:13:14.535000+00:00: Qx=20.1300 Qy=20.1080 rep 3 -> OK  (estimate: H=0.1294, V=0.1201)
Applied Qy = 20.1070
Cycle 2026-08-19 15:13:44.535000+00:00: Qx=20.1300 Qy=20.1070 rep 1 -> OK  (estimate: H=0.1318, V=0.1177)
Cycle 2026-08-19 15:14:14.535000+00:00: Qx=20.1300 Qy=20.1070 rep 2 -> OK  (estimate: H=0.1309, V=0.1177)
Cycle 2026-08-19 15:14:44.535000+00:00: Qx=20.1300 Qy=20.1070 rep 3 -> OK  (estimate: H=0.1318, V=0.1177)
Applied Qy = 20.1060
Cycle 2026-08-19 15:15:14.535000+00:00: Qx=20.1300 Qy=20.1060 rep 1 -> OK  (estimate: H=0.1294, V=0.1187)
Cycle 2026-08-19 15:15:44.535000+00:00: Qx=20.1300 Qy=20.1060 rep 2 -> OK  (estimate: H=0.1318, V=0.1177)
Cycle 2026-08-19 15:16:14.535000+00:00: Qx=20.1300 Qy=20.1060 rep 3 -> OK  (estimate: H=0.1294, V=0.1187)
Applied Qy = 20.1050
Cycle 2026-08-19 15:16:44.535000+00:00: Qx=20.1300 Qy=20.1050 rep 1 -> OK  (estimate: H=0.1294, V=0.1187)
Cycle 2026-08-19 15:17:14.535000+00:00: Qx=20.1300 Qy=20.1050 rep 2 -> OK  (estimate: H=0.1309, V=0.1123)
Cycle 2026-08-19 15:17:44.535000+00:00: Qx=20.1300 Qy=20.1050 rep 3 -> OK  (estimate: H=0.1318, V=0.1123)
Cool, we are done!

2026-08-19 15:18:28: Starting run with name 'QY_CROSSING_SCAN', Qx=20.1300 fixed, Qy 20.2000 -> 20.0900 (step 0.005). Fire kicks manually.
Applied Qy = 20.1850
Cycle 2026-08-19 15:19:14.535000+00:00: Qx=20.1300 Qy=20.1850 rep 1 -> OK  (estimate: H=0.1294, V=0.2002)
Applied Qy = 20.1600
Cycle 2026-08-19 15:19:44.535000+00:00: Qx=20.1300 Qy=20.1600 rep 1 -> OK  (estimate: H=0.1294, V=0.1763)
Applied Qy = 20.1500
Cycle 2026-08-19 15:20:14.535000+00:00: Qx=20.1300 Qy=20.1500 rep 2 -> OK  (estimate: H=0.1309, V=0.1602)
Applied Qy = 20.1450
Cycle 2026-08-19 15:20:44.535000+00:00: Qx=20.1300 Qy=20.1450 rep 1 -> OK  (estimate: H=0.1294, V=0.1602)
Applied Qy = 20.1000
Cycle 2026-08-19 15:21:14.535000+00:00: Qx=20.1300 Qy=20.1000 rep 1 -> OK  (estimate: H=0.1318, V=0.1113)
Cycle 2026-08-19 15:21:44.535000+00:00: Qx=20.1300 Qy=20.1000 rep 2 -> OK  (estimate: H=0.1318, V=0.1099)
Cycle 2026-08-19 15:22:14.535000+00:00: Qx=20.1300 Qy=20.1000 rep 3 -> OK  (estimate: H=0.1309, V=0.1104)
Applied Qy = 20.0950
Cycle 2026-08-19 15:22:44.535000+00:00: Qx=20.1300 Qy=20.0950 rep 1 -> OK  (estimate: H=0.1309, V=0.1079)
Cycle 2026-08-19 15:23:14.535000+00:00: Qx=20.1300 Qy=20.0950 rep 2 -> OK  (estimate: H=0.1309, V=0.1079)
Cycle 2026-08-19 15:23:44.535000+00:00: Qx=20.1300 Qy=20.0950 rep 3 -> OK  (estimate: H=0.1309, V=0.1089)
Applied Qy = 20.0900
Cycle 2026-08-19 15:24:14.535000+00:00: Qx=20.1300 Qy=20.0900 rep 1 -> OK  (estimate: H=0.1309, V=0.1016)
Cycle 2026-08-19 15:24:44.535000+00:00: Qx=20.1300 Qy=20.0900 rep 2 -> OK  (estimate: H=0.1318, V=0.1016)
Cycle 2026-08-19 15:25:14.535000+00:00: Qx=20.1300 Qy=20.0900 rep 3 -> OK  (estimate: H=0.1309, V=0.1016)
Cool, we are done!

2026-08-19 15:28:51: Starting run with name 'QY_CROSSING_SCAN_NO_DAMPER', Qx=20.1300 fixed, Qy 20.1550 -> 20.1050 (step 0.005). Fire kicks manually.
Applied Qy = 20.1550
Cycle 2026-08-19 15:29:44.535000+00:00: Qx=20.1300 Qy=20.1550 rep 1 -> OK  (estimate: H=0.1299, V=0.1680)
Cycle 2026-08-19 15:30:14.535000+00:00: Qx=20.1300 Qy=20.1550 rep 2 -> OK  (estimate: H=0.1294, V=0.1680)
Cycle 2026-08-19 15:30:44.535000+00:00: Qx=20.1300 Qy=20.1550 rep 3 -> OK  (estimate: H=0.1284, V=0.1680)
Applied Qy = 20.1500
Cycle 2026-08-19 15:31:14.535000+00:00: Qx=20.1300 Qy=20.1500 rep 1 -> OK  (estimate: H=0.1304, V=0.1709)
Cycle 2026-08-19 15:31:44.535000+00:00: Qx=20.1300 Qy=20.1500 rep 2 -> OK  (estimate: H=0.1309, V=0.1729)

2026-08-19 15:52:38: Starting run with name 'QY_CROSSING_SCAN_NO_DAMPER', Qx=20.1300 fixed, Qy 20.1550 -> 20.1050 (step 0.005). Fire kicks manually.
Applied Qy = 20.1550
Cycle 2026-08-19 15:52:44.535000+00:00: Qx=20.1300 Qy=20.1550 rep 1 -> OK  (estimate: H=0.1284, V=0.1680)
Cycle 2026-08-19 15:53:14.535000+00:00: Qx=20.1300 Qy=20.1550 rep 2 -> OK  (estimate: H=0.1294, V=0.1621)
Cycle 2026-08-19 15:53:44.535000+00:00: Qx=20.1300 Qy=20.1550 rep 3 -> OK  (estimate: H=0.1299, V=0.1675)
Applied Qy = 20.1500
Cycle 2026-08-19 15:54:14.535000+00:00: Qx=20.1300 Qy=20.1500 rep 1 -> OK  (estimate: H=0.1309, V=0.1611)
Cycle 2026-08-19 15:54:44.535000+00:00: Qx=20.1300 Qy=20.1500 rep 2 -> OK  (estimate: H=0.1309, V=0.1655)
Cycle 2026-08-19 15:55:14.535000+00:00: Qx=20.1300 Qy=20.1500 rep 3 -> OK  (estimate: H=0.1309, V=0.1665)
Applied Qy = 20.1450
Cycle 2026-08-19 15:55:44.535000+00:00: Qx=20.1300 Qy=20.1450 rep 1 -> OK  (estimate: H=0.1309, V=0.1587)
Cycle 2026-08-19 15:56:14.535000+00:00: Qx=20.1300 Qy=20.1450 rep 2 -> OK  (estimate: H=0.1309, V=0.1587)
Cycle 2026-08-19 15:56:44.535000+00:00: Qx=20.1300 Qy=20.1450 rep 3 -> OK  (estimate: H=0.1309, V=0.1602)
Applied Qy = 20.1400
Cycle 2026-08-19 15:57:14.535000+00:00: Qx=20.1300 Qy=20.1400 rep 1 -> OK  (estimate: H=0.1299, V=0.1514)
Cycle 2026-08-19 15:57:44.535000+00:00: Qx=20.1300 Qy=20.1400 rep 2 -> OK  (estimate: H=0.1299, V=0.1514)
Cycle 2026-08-19 15:58:14.535000+00:00: Qx=20.1300 Qy=20.1400 rep 3 -> OK  (estimate: H=0.1299, V=0.1514)
Applied Qy = 20.1350
Cycle 2026-08-19 15:58:44.535000+00:00: Qx=20.1300 Qy=20.1350 rep 1 -> OK  (estimate: H=0.1309, V=0.1504)
Cycle 2026-08-19 15:59:14.535000+00:00: Qx=20.1300 Qy=20.1350 rep 2 -> OK  (estimate: H=0.1309, V=0.1479)
Cycle 2026-08-19 15:59:44.535000+00:00: Qx=20.1300 Qy=20.1350 rep 3 -> OK  (estimate: H=0.1299, V=0.1470)
Applied Qy = 20.1300
Cycle 2026-08-19 16:00:14.535000+00:00: Qx=20.1300 Qy=20.1300 rep 1 -> OK  (estimate: H=0.1284, V=0.1416)
Cycle 2026-08-19 16:00:44.535000+00:00: Qx=20.1300 Qy=20.1300 rep 2 -> OK  (estimate: H=0.1309, V=0.1416)
Cycle 2026-08-19 16:01:14.535000+00:00: Qx=20.1300 Qy=20.1300 rep 3 -> OK  (estimate: H=0.1309, V=0.1416)
Applied Qy = 20.1250
Cycle 2026-08-19 16:01:44.535000+00:00: Qx=20.1300 Qy=20.1250 rep 1 -> OK  (estimate: H=0.1299, V=0.1387)
Cycle 2026-08-19 16:02:14.535000+00:00: Qx=20.1300 Qy=20.1250 rep 2 -> OK  (estimate: H=0.1299, V=0.1392)
Cycle 2026-08-19 16:02:44.535000+00:00: Qx=20.1300 Qy=20.1250 rep 3 -> OK  (estimate: H=0.1294, V=0.1382)
Applied Qy = 20.1200
Cycle 2026-08-19 16:03:14.535000+00:00: Qx=20.1300 Qy=20.1200 rep 1 -> OK  (estimate: H=0.1206, V=0.1362)
Cycle 2026-08-19 16:03:44.535000+00:00: Qx=20.1300 Qy=20.1200 rep 2 -> OK  (estimate: H=0.1309, V=0.1309)
Cycle 2026-08-19 16:04:14.535000+00:00: Qx=20.1300 Qy=20.1200 rep 3 -> OK  (estimate: H=0.1318, V=0.1318)
Applied Qy = 20.1150
Cycle 2026-08-19 16:04:44.535000+00:00: Qx=20.1300 Qy=20.1150 rep 1 -> OK  (estimate: H=0.1309, V=0.1309)
Cycle 2026-08-19 16:05:14.535000+00:00: Qx=20.1300 Qy=20.1150 rep 2 -> OK  (estimate: H=0.1309, V=0.1230)
Cycle 2026-08-19 16:05:44.535000+00:00: Qx=20.1300 Qy=20.1150 rep 3 -> OK  (estimate: H=0.1299, V=0.1299)
Applied Qy = 20.1100
Cycle 2026-08-19 16:06:14.535000+00:00: Qx=20.1300 Qy=20.1100 rep 1 -> OK  (estimate: H=0.1284, V=0.1187)
Cycle 2026-08-19 16:06:44.535000+00:00: Qx=20.1300 Qy=20.1100 rep 2 -> OK  (estimate: H=0.1294, V=0.1211)
Cycle 2026-08-19 16:07:14.535000+00:00: Qx=20.1300 Qy=20.1100 rep 3 -> OK  (estimate: H=0.1294, V=0.1187)
Applied Qy = 20.1050
Cycle 2026-08-19 16:07:44.535000+00:00: Qx=20.1300 Qy=20.1050 rep 1 -> OK  (estimate: H=0.1309, V=0.1187)
Cycle 2026-08-19 16:08:14.535000+00:00: Qx=20.1300 Qy=20.1050 rep 2 -> OK  (estimate: H=0.1309, V=0.1123)
Cycle 2026-08-19 16:08:44.535000+00:00: Qx=20.1300 Qy=20.1050 rep 3 -> OK  (estimate: H=0.1309, V=0.1133)
Cool, we are done!

2026-08-19 16:10:56: Starting run with name 'QY_CROSSING_SCAN_NO_DAMPER', Qx=20.1300 fixed, Qy 20.1350 -> 20.1050 (step 0.001). Fire kicks manually.
Applied Qy = 20.1340
Cycle 2026-08-19 16:11:14.535000+00:00: Qx=20.1300 Qy=20.1340 rep 1 -> OK  (estimate: H=0.1294, V=0.1494)
Cycle 2026-08-19 16:11:44.535000+00:00: Qx=20.1300 Qy=20.1340 rep 2 -> OK  (estimate: H=0.1309, V=0.1470)
Cycle 2026-08-19 16:12:14.535000+00:00: Qx=20.1300 Qy=20.1340 rep 3 -> OK  (estimate: H=0.1309, V=0.1479)
Applied Qy = 20.1330
Cycle 2026-08-19 16:12:44.535000+00:00: Qx=20.1300 Qy=20.1330 rep 1 -> OK  (estimate: H=0.1309, V=0.1489)
Cycle 2026-08-19 16:13:14.535000+00:00: Qx=20.1300 Qy=20.1330 rep 2 -> OK  (estimate: H=0.1294, V=0.1426)
Cycle 2026-08-19 16:13:44.535000+00:00: Qx=20.1300 Qy=20.1330 rep 3 -> OK  (estimate: H=0.1284, V=0.1460)
Applied Qy = 20.1320
Cycle 2026-08-19 16:14:14.535000+00:00: Qx=20.1300 Qy=20.1320 rep 1 -> OK  (estimate: H=0.1294, V=0.1470)
Cycle 2026-08-19 16:14:44.535000+00:00: Qx=20.1300 Qy=20.1320 rep 2 -> OK  (estimate: H=0.1294, V=0.1406)
Cycle 2026-08-19 16:15:14.535000+00:00: Qx=20.1300 Qy=20.1320 rep 3 -> OK  (estimate: H=0.1299, V=0.1406)
Applied Qy = 20.1310
Cycle 2026-08-19 16:15:44.535000+00:00: Qx=20.1300 Qy=20.1310 rep 1 -> OK  (estimate: H=0.1309, V=0.1416)
Cycle 2026-08-19 16:16:14.535000+00:00: Qx=20.1300 Qy=20.1310 rep 2 -> OK  (estimate: H=0.1309, V=0.1416)
Cycle 2026-08-19 16:16:44.535000+00:00: Qx=20.1300 Qy=20.1310 rep 3 -> OK  (estimate: H=0.1284, V=0.1406)
Applied Qy = 20.1290
Cycle 2026-08-19 16:17:14.535000+00:00: Qx=20.1300 Qy=20.1290 rep 1 -> OK  (estimate: H=0.1284, V=0.1406)
Cycle 2026-08-19 16:17:44.535000+00:00: Qx=20.1300 Qy=20.1290 rep 2 -> OK  (estimate: H=0.1284, V=0.1416)
Cycle 2026-08-19 16:18:14.535000+00:00: Qx=20.1300 Qy=20.1290 rep 3 -> OK  (estimate: H=0.1294, V=0.1406)
Applied Qy = 20.1280
Cycle 2026-08-19 16:18:44.535000+00:00: Qx=20.1300 Qy=20.1280 rep 1 -> OK  (estimate: H=0.1284, V=0.1406)
Cycle 2026-08-19 16:19:14.535000+00:00: Qx=20.1300 Qy=20.1280 rep 2 -> OK  (estimate: H=0.1284, V=0.1396)
Cycle 2026-08-19 16:19:44.535000+00:00: Qx=20.1300 Qy=20.1280 rep 3 -> OK  (estimate: H=0.1284, V=0.1392)
Applied Qy = 20.1270
Cycle 2026-08-19 16:20:14.535000+00:00: Qx=20.1300 Qy=20.1270 rep 1 -> OK  (estimate: H=0.1284, V=0.1396)
Cycle 2026-08-19 16:20:44.535000+00:00: Qx=20.1300 Qy=20.1270 rep 2 -> OK  (estimate: H=0.1284, V=0.1392)
Cycle 2026-08-19 16:21:14.535000+00:00: Qx=20.1300 Qy=20.1270 rep 3 -> OK  (estimate: H=0.1309, V=0.1392)
Applied Qy = 20.1260
Cycle 2026-08-19 16:21:44.535000+00:00: Qx=20.1300 Qy=20.1260 rep 1 -> OK  (estimate: H=0.1299, V=0.1387)
Cycle 2026-08-19 16:22:14.535000+00:00: Qx=20.1300 Qy=20.1260 rep 2 -> OK  (estimate: H=0.1284, V=0.1382)
Cycle 2026-08-19 16:22:44.535000+00:00: Qx=20.1300 Qy=20.1260 rep 3 -> OK  (estimate: H=0.1284, V=0.1392)
Applied Qy = 20.1240
Cycle 2026-08-19 16:23:14.535000+00:00: Qx=20.1300 Qy=20.1240 rep 1 -> OK  (estimate: H=0.1284, V=0.1372)
Cycle 2026-08-19 16:23:44.535000+00:00: Qx=20.1300 Qy=20.1240 rep 2 -> OK  (estimate: H=0.1284, V=0.1382)
Cycle 2026-08-19 16:24:14.535000+00:00: Qx=20.1300 Qy=20.1240 rep 3 -> OK  (estimate: H=0.1284, V=0.1382)
Applied Qy = 20.1230
Cycle 2026-08-19 16:24:44.535000+00:00: Qx=20.1300 Qy=20.1230 rep 1 -> OK  (estimate: H=0.1284, V=0.1372)
Cycle 2026-08-19 16:25:14.535000+00:00: Qx=20.1300 Qy=20.1230 rep 2 -> OK  (estimate: H=0.1284, V=0.1372)
Cycle 2026-08-19 16:25:44.535000+00:00: Qx=20.1300 Qy=20.1230 rep 3 -> OK  (estimate: H=0.1284, V=0.1372)
Applied Qy = 20.1220
Cycle 2026-08-19 16:26:14.535000+00:00: Qx=20.1300 Qy=20.1220 rep 1 -> OK  (estimate: H=0.1284, V=0.1362)
Cycle 2026-08-19 16:26:44.535000+00:00: Qx=20.1300 Qy=20.1220 rep 2 -> OK  (estimate: H=0.1284, V=0.1372)
Cycle 2026-08-19 16:27:14.535000+00:00: Qx=20.1300 Qy=20.1220 rep 3 -> OK  (estimate: H=0.1284, V=0.1372)
Applied Qy = 20.1210
Cycle 2026-08-19 16:27:44.535000+00:00: Qx=20.1300 Qy=20.1210 rep 1 -> OK  (estimate: H=0.1284, V=0.1362)
Cycle 2026-08-19 16:28:14.535000+00:00: Qx=20.1300 Qy=20.1210 rep 2 -> OK  (estimate: H=0.1284, V=0.1328)
Cycle 2026-08-19 16:28:44.535000+00:00: Qx=20.1300 Qy=20.1210 rep 3 -> OK  (estimate: H=0.1284, V=0.1372)
Applied Qy = 20.1190
Cycle 2026-08-19 16:29:14.535000+00:00: Qx=20.1300 Qy=20.1190 rep 1 -> OK  (estimate: H=0.1318, V=0.1309)
Cycle 2026-08-19 16:29:44.535000+00:00: Qx=20.1300 Qy=20.1190 rep 2 -> OK  (estimate: H=0.1318, V=0.1318)
Cycle 2026-08-19 16:30:14.535000+00:00: Qx=20.1300 Qy=20.1190 rep 3 -> OK  (estimate: H=0.1284, V=0.1362)
Applied Qy = 20.1180
Cycle 2026-08-19 16:30:44.535000+00:00: Qx=20.1300 Qy=20.1180 rep 1 -> OK  (estimate: H=0.1309, V=0.1304)
Cycle 2026-08-19 16:31:14.535000+00:00: Qx=20.1300 Qy=20.1180 rep 2 -> OK  (estimate: H=0.1274, V=0.1318)
Cycle 2026-08-19 16:31:44.535000+00:00: Qx=20.1300 Qy=20.1180 rep 3 -> OK  (estimate: H=0.1318, V=0.1318)
Applied Qy = 20.1170
Cycle 2026-08-19 16:32:14.535000+00:00: Qx=20.1300 Qy=20.1170 rep 1 -> OK  (estimate: H=0.1309, V=0.1318)

2026-08-19 16:39:50: Starting run with name 'QY_CROSSING_SCAN_NO_DAMPER', Qx=20.1300 fixed, Qy 20.1350 -> 20.1050 (step 0.001). Fire kicks manually.
Applied Qy = 20.1170
Cycle 2026-08-19 16:40:44.535000+00:00: Qx=20.1300 Qy=20.1170 rep 2 -> OK  (estimate: H=0.0625, V=0.1313)
Cycle 2026-08-19 16:41:14.535000+00:00: Qx=20.1300 Qy=20.1170 rep 3 -> OK  (estimate: H=0.0562, V=0.1328)
Applied Qy = 20.1160
Cycle 2026-08-19 16:41:44.535000+00:00: Qx=20.1300 Qy=20.1160 rep 1 -> OK  (estimate: H=0.0459, V=0.1279)
Cycle 2026-08-19 16:42:14.535000+00:00: Qx=20.1300 Qy=20.1160 rep 2 -> OK  (estimate: H=0.0493, V=0.1250)
Cycle 2026-08-19 16:42:44.535000+00:00: Qx=20.1300 Qy=20.1160 rep 3 -> OK  (estimate: H=0.0415, V=0.1333)
Applied Qy = 20.1140
Cycle 2026-08-19 16:43:14.535000+00:00: Qx=20.1300 Qy=20.1140 rep 1 -> OK  (estimate: H=0.0562, V=0.1255)
Cycle 2026-08-19 16:43:44.535000+00:00: Qx=20.1300 Qy=20.1140 rep 2 -> OK  (estimate: H=0.0488, V=0.1279)
Cycle 2026-08-19 16:44:14.535000+00:00: Qx=20.1300 Qy=20.1140 rep 3 -> OK  (estimate: H=0.0420, V=0.1274)
Applied Qy = 20.1130
Cycle 2026-08-19 16:44:44.535000+00:00: Qx=20.1300 Qy=20.1130 rep 1 -> OK  (estimate: H=0.0562, V=0.1250)
Cycle 2026-08-19 16:45:14.535000+00:00: Qx=20.1300 Qy=20.1130 rep 2 -> OK  (estimate: H=0.0571, V=0.1265)
Cycle 2026-08-19 16:45:44.535000+00:00: Qx=20.1300 Qy=20.1130 rep 3 -> OK  (estimate: H=0.0415, V=0.1255)
Applied Qy = 20.1120
Cycle 2026-08-19 16:46:14.535000+00:00: Qx=20.1300 Qy=20.1120 rep 1 -> OK  (estimate: H=0.0425, V=0.1323)
Cycle 2026-08-19 16:46:44.535000+00:00: Qx=20.1300 Qy=20.1120 rep 2 -> OK  (estimate: H=0.0425, V=0.1235)

2026-08-19 16:47:07: Starting run with name 'QY_CROSSING_SCAN_NO_DAMPER', Qx=20.1300 fixed, Qy 20.1350 -> 20.1050 (step 0.001). Fire kicks manually.
Applied Qy = 20.1120
Cycle 2026-08-19 16:47:14.535000+00:00: Qx=20.1300 Qy=20.1120 rep 3Cycle 2026-08-19 16:47:14.535000+00:00: Qx=20.1300 Qy=20.1120 rep 3 -> OK  (estimate: H=0.0420, V=0.1240)
 -> OK  (estimate: H=0.0420, V=0.1240)
Applied Qy = 20.1110
Cycle 2026-08-19 16:47:44.535000+00:00: Qx=20.1300 Qy=20.1110 rep 2Cycle 2026-08-19 16:47:44.535000+00:00: Qx=20.1300 Qy=20.1110 rep 2 -> OK  (estimate: H=0.0381, V=0.1230)
 -> OK  (estimate: H=0.0381, V=0.1230)
Applied Qy = 20.1090
Cycle 2026-08-19 16:48:14.535000+00:00: Qx=20.1300 Qy=20.1090 rep 1Cycle 2026-08-19 16:48:14.535000+00:00: Qx=20.1300 Qy=20.1090 rep 1 -> OK  (estimate: H=0.0522, V=0.1177)
 -> OK  (estimate: H=0.0522, V=0.1177)
Cycle 2026-08-19 16:48:44.535000+00:00: Qx=20.1300 Qy=20.1090 rep 3Cycle 2026-08-19 16:48:44.535000+00:00: Qx=20.1300 Qy=20.1090 rep 3 -> OK  (estimate: H=0.0420, V=0.1255)
 -> OK  (estimate: H=0.0420, V=0.1255)
Applied Qy = 20.1080

2026-08-19 16:52:17: Starting run with name 'QY_CROSSING_SCAN_NO_DAMPER', Qx=20.1300 fixed, Qy 20.1350 -> 20.1050 (step 0.001). Fire kicks manually.
Applied Qy = 20.1120
Cycle 2026-08-19 16:52:44.535000+00:00: Qx=20.1300 Qy=20.1120 rep 3 -> OK  (estimate: H=0.1309, V=0.1211)
Applied Qy = 20.1110
Cycle 2026-08-19 16:53:14.535000+00:00: Qx=20.1300 Qy=20.1110 rep 1 -> OK  (estimate: H=0.1309, V=0.1211)
Cycle 2026-08-19 16:53:44.535000+00:00: Qx=20.1300 Qy=20.1110 rep 2 -> OK  (estimate: H=0.1309, V=0.1211)
Cycle 2026-08-19 16:54:14.535000+00:00: Qx=20.1300 Qy=20.1110 rep 3 -> OK  (estimate: H=0.1309, V=0.1211)
Applied Qy = 20.1090
Cycle 2026-08-19 16:54:44.535000+00:00: Qx=20.1300 Qy=20.1090 rep 1 -> OK  (estimate: H=0.1309, V=0.1211)
Cycle 2026-08-19 16:55:14.535000+00:00: Qx=20.1300 Qy=20.1090 rep 2 -> OK  (estimate: H=0.1294, V=0.1201)
Cycle 2026-08-19 16:55:44.535000+00:00: Qx=20.1300 Qy=20.1090 rep 3 -> OK  (estimate: H=0.1294, V=0.1201)
Applied Qy = 20.1080
Cycle 2026-08-19 16:56:14.535000+00:00: Qx=20.1300 Qy=20.1080 rep 1 -> OK  (estimate: H=0.1294, V=0.1177)
Cycle 2026-08-19 16:56:44.535000+00:00: Qx=20.1300 Qy=20.1080 rep 2 -> OK  (estimate: H=0.1294, V=0.1187)
Cycle 2026-08-19 16:57:14.535000+00:00: Qx=20.1300 Qy=20.1080 rep 3 -> OK  (estimate: H=0.1294, V=0.1177)
Applied Qy = 20.1070
Cycle 2026-08-19 16:57:44.535000+00:00: Qx=20.1300 Qy=20.1070 rep 1 -> OK  (estimate: H=0.1294, V=0.1187)
Cycle 2026-08-19 16:58:14.535000+00:00: Qx=20.1300 Qy=20.1070 rep 2 -> OK  (estimate: H=0.1294, V=0.1187)
Cycle 2026-08-19 16:58:44.535000+00:00: Qx=20.1300 Qy=20.1070 rep 3 -> OK  (estimate: H=0.1372, V=0.1177)
Applied Qy = 20.1060
Cycle 2026-08-19 16:59:14.535000+00:00: Qx=20.1300 Qy=20.1060 rep 1 -> OK  (estimate: H=0.1318, V=0.1177)
Cycle 2026-08-19 16:59:44.535000+00:00: Qx=20.1300 Qy=20.1060 rep 2 -> OK  (estimate: H=0.1152, V=0.1177)
Cycle 2026-08-19 17:00:14.535000+00:00: Qx=20.1300 Qy=20.1060 rep 3 -> OK  (estimate: H=0.1318, V=0.1177)
Cool, we are done!
